Reusing configuration cache.
> Task :app:preBuild UP-TO-DATE
> Task :app:preReleaseBuild UP-TO-DATE
> Task :app:checkKotlinGradlePluginConfigurationErrors
> Task :app:buildKotlinToolingMetadata UP-TO-DATE
> Task :app:extractProguardFiles UP-TO-DATE
> Task :app:mergeReleaseJniLibFolders UP-TO-DATE
> Task :app:generateReleaseResValues UP-TO-DATE
> Task :app:javaPreCompileRelease UP-TO-DATE
> Task :app:mergeReleaseStartupProfile UP-TO-DATE
> Task :app:extractDeepLinksRelease UP-TO-DATE
> Task :app:generateReleaseResources UP-TO-DATE
> Task :app:mergeReleaseShaders UP-TO-DATE
> Task :app:writeReleaseAppMetadata UP-TO-DATE
> Task :app:createReleaseCompatibleScreenManifests UP-TO-DATE
> Task :app:validateSigningRelease UP-TO-DATE
> Task :app:writeReleaseSigningConfigVersions UP-TO-DATE
> Task :app:compileReleaseShaders NO-SOURCE
> Task :app:extractReleaseVersionControlInfo UP-TO-DATE
> Task :app:generateReleaseAssets UP-TO-DATE
> Task :app:packageReleaseResources UP-TO-DATE
> Task :app:collectReleaseDependencies UP-TO-DATE
> Task :app:parseReleaseLocalResources UP-TO-DATE
> Task :app:sdkReleaseDependencyData UP-TO-DATE
> Task :app:mapReleaseSourceSetPaths UP-TO-DATE
> Task :app:checkReleaseAarMetadata UP-TO-DATE
> Task :app:mergeReleaseArtProfile UP-TO-DATE
> Task :app:mergeReleaseAssets UP-TO-DATE
> Task :app:checkReleaseDuplicateClasses UP-TO-DATE
> Task :app:mergeReleaseNativeLibs NO-SOURCE
> Task :app:stripReleaseDebugSymbols NO-SOURCE
> Task :app:compressReleaseAssets UP-TO-DATE
> Task :app:extractReleaseNativeSymbolTables NO-SOURCE
> Task :app:mergeReleaseNativeDebugMetadata NO-SOURCE
> Task :app:processReleaseMainManifest UP-TO-DATE
> Task :app:processReleaseManifest UP-TO-DATE
> Task :app:processReleaseManifestForPackage UP-TO-DATE
> Task :app:mergeReleaseResources FAILED
.\gradlew.bat : 
所在位置 行:1 字符: 1
+ .\gradlew.bat assembleRelease 2>&1 | Out-File -FilePath bu
ild_output. ...
+ ~~~~~~~~~~~~~~~~~~~~~~~~~~~~~~~~~~
    + CategoryInfo          : NotSpecified: (:String) [], R 
   emoteException
    + FullyQualifiedErrorId : NativeCommandError
 
FAILURE: Build failed with an exception.

* What went wrong:
Execution failed for task ':app:mergeReleaseResources'.
> Multiple task action failures occurred:
   > A failure occurred while executing com.android.build.gr
adle.internal.res.Aapt2CompileRunnable
      > Android resource compilation failed
        ERROR: C:\Users\82206\Downloads\Compressed\CCSU_cour
se-main\TYUST\nextjs-course-selector\nextjs-course-selector-
app\app\src\main\res\mipmap-mdpi\ic_launcher.png: AAPT: erro
r: file failed to compile.
            
   > A failure occurred while executing com.android.build.gr
adle.internal.res.Aapt2CompileRunnable
      > Android resource compilation failed
        ERROR: C:\Users\82206\Downloads\Compressed\CCSU_cour
se-main\TYUST\nextjs-course-selector\nextjs-course-selector-
app\app\src\main\res\mipmap-xxhdpi\ic_launcher.png: AAPT: er
ror: file failed to compile.
            
   > A failure occurred while executing com.android.build.gr
adle.internal.res.Aapt2CompileRunnable
      > Android resource compilation failed
        ERROR: C:\Users\82206\Downloads\Compressed\CCSU_cour
se-main\TYUST\nextjs-course-selector\nextjs-course-selector-
app\app\src\main\res\mipmap-mdpi\ic_launcher_round.png: AAPT
: error: file failed to compile.
            
   > A failure occurred while executing com.android.build.gr
adle.internal.res.Aapt2CompileRunnable
      > Android resource compilation failed
        ERROR: C:\Users\82206\Downloads\Compressed\CCSU_cour
se-main\TYUST\nextjs-course-selector\nextjs-course-selector-
app\app\src\main\res\mipmap-xxxhdpi\ic_launcher.png: AAPT: e
rror: file failed to compile.
            
   > A failure occurred while executing com.android.build.gr
adle.internal.res.Aapt2CompileRunnable
      > Android resource compilation failed
        ERROR: C:\Users\82206\Downloads\Compressed\CCSU_cour
se-main\TYUST\nextjs-course-selector\nextjs-course-selector-
app\app\src\main\res\mipmap-xhdpi\ic_launcher_round.png: AAP
T: error: file failed to compile.
            
   > A failure occurred while executing com.android.build.gr
adle.internal.res.Aapt2CompileRunnable
      > Android resource compilation failed
        ERROR: C:\Users\82206\Downloads\Compressed\CCSU_cour
se-main\TYUST\nextjs-course-selector\nextjs-course-selector-
app\app\src\main\res\mipmap-xhdpi\ic_launcher.png: AAPT: err
or: file failed to compile.
            
   > A failure occurred while executing com.android.build.gr
adle.internal.res.Aapt2CompileRunnable
      > Android resource compilation failed
        ERROR: C:\Users\82206\Downloads\Compressed\CCSU_cour
se-main\TYUST\nextjs-course-selector\nextjs-course-selector-
app\app\src\main\res\mipmap-hdpi\ic_launcher_round.png: AAPT
: error: file failed to compile.
            
   > A failure occurred while executing com.android.build.gr
adle.internal.res.Aapt2CompileRunnable
      > Android resource compilation failed
        ERROR: C:\Users\82206\Downloads\Compressed\CCSU_cour
se-main\TYUST\nextjs-course-selector\nextjs-course-selector-
app\app\src\main\res\mipmap-hdpi\ic_launcher.png: AAPT: erro
r: file failed to compile.
            

* Try:
> Run with --stacktrace option to get the stack trace.
> Run with --info or --debug option to get more log output.
> Run with --scan to get full insights.
> Get more help at https://help.gradle.org.

BUILD FAILED in 3s
29 actionable tasks: 2 executed, 27 up-to-date
Configuration cache entry reused.
